// Jest Snapshot v1, https://goo.gl/fbAQLP

exports[`ContractSystem should send messages 1`] = `
[
  {
    "$seq": 0,
    "events": [
      {
        "$type": "deploy",
      },
      {
        "$type": "received",
        "message": {
          "body": {
            "cell": "x{CC78E031CD53F4684B97F4BB2FF4B0034FB709E4CC50398F7F9BFD205667F49D25F4B6E23FBD8A22025689813998C3D3A0EA5219F11C7907A5F125512AAB8F0B29A9A317FFFFFFFF00000000C_}
 x{D001}
  x{62005267EAC3643620B785BD578E117C4FFD17313A14F76F28642C14133842650C1DA1DCD6500000000000000000000000000000}",
            "type": "cell",
          },
          "to": "@treasure(treasure)",
          "type": "external-in",
        },
      },
      {
        "$type": "processed",
        "gasUsed": 3583n,
      },
      {
        "$type": "sent",
        "messages": [
          {
            "body": {
              "type": "empty",
            },
            "bounce": true,
            "from": "@treasure(treasure)",
            "to": "@unknown",
            "type": "internal",
            "value": "1",
          },
        ],
      },
    ],
  },
  {
    "$seq": 1,
    "events": [
      {
        "$type": "received-bounced",
        "message": {
          "body": {
            "cell": "x{FFFFFFFF}",
            "type": "cell",
          },
          "bounce": false,
          "from": "@unknown",
          "to": "@treasure(treasure)",
          "type": "internal",
          "value": "0.999",
        },
      },
      {
        "$type": "processed",
        "gasUsed": 409n,
      },
    ],
  },
  {
    "$seq": 2,
    "events": [
      {
        "$type": "storage-charged",
        "amount": "0.000000002",
      },
      {
        "$type": "received",
        "message": {
          "body": {
            "cell": "x{7044FC22273A55D4E116F23A95F51F01E92BFE98EEEE67D299582CF99A8D6E4D2543CBE38D05758B3CE3ED63518A96829E48274172638A73C613E0A4E96FBF0D29A9A317FFFFFFFF00000001C_}
 x{D001}
  x{62005267EAC3643620B785BD578E117C4FFD17313A14F76F28642C14133842650C1DA1DCD65000000000000000000000000000000000000048656C6C6F20776F726C6421}",
            "type": "cell",
          },
          "to": "@treasure(treasure)",
          "type": "external-in",
        },
      },
      {
        "$type": "processed",
        "gasUsed": 3583n,
      },
      {
        "$type": "sent",
        "messages": [
          {
            "body": {
              "text": "Hello world!",
              "type": "text",
            },
            "bounce": true,
            "from": "@treasure(treasure)",
            "to": "@unknown",
            "type": "internal",
            "value": "1",
          },
        ],
      },
    ],
  },
  {
    "$seq": 3,
    "events": [
      {
        "$type": "received-bounced",
        "message": {
          "body": {
            "cell": "x{FFFFFFFF0000000048656C6C6F20776F726C6421}",
            "type": "cell",
          },
          "bounce": false,
          "from": "@unknown",
          "to": "@treasure(treasure)",
          "type": "internal",
          "value": "0.999",
        },
      },
      {
        "$type": "processed",
        "gasUsed": 409n,
      },
    ],
  },
]
`;
